Microsoft Windows [Version 10.0.26100.4770]
(c) Microsoft Corporation. All rights reserved.

C:\Program Files\MySQL\MySQL Server 8.0\bin>mysql -h localhost -u root -p
Enter password: ****
Welcome to the MySQL monitor.  Commands end with ; or \g.
Your MySQL connection id is 9
Server version: 8.0.43 MySQL Community Server - GPL

Copyright (c) 2000, 2025, Oracle and/or its affiliates.

Oracle is a registered trademark of Oracle Corporation and/or its
affiliates. Other names may be trademarks of their respective
owners.

Type 'help;' or '\h' for help. Type '\c' to clear the current input statement.

mysql> show databases;
+--------------------+
| Database           |
+--------------------+
| ecommerce          |
| information_schema |
| mysql              |
| performance_schema |
| sakila             |
| sys                |
| world              |
+--------------------+
7 rows in set (0.00 sec)

mysql> use ecommerce;
Database changed
mysql> show tables;
+---------------------+
| Tables_in_ecommerce |
+---------------------+
| customer            |
| product             |
| purchase            |
+---------------------+
3 rows in set (0.00 sec)

mysql> select * from product;
+-----+-------+-------+----------+
| pid | pname | price | discount |
+-----+-------+-------+----------+
|   1 | rope  |    99 |       10 |
|   2 | chair |   199 |       10 |
|   3 | fan   |   499 |       10 |
+-----+-------+-------+----------+
3 rows in set (0.00 sec)

mysql> select * from customer;
+-----+---------+---------+-------------------+------------+
| cid | name    | address | email             | phone      |
+-----+---------+---------+-------------------+------------+
| 101 | Harshad | Pune    | harshad@gmail.com | 9876543210 |
| 102 | Raj     | Mumbai  | raj@gmail.com     | 9876543211 |
| 103 | Lord    | Beed    | lord@gmail.com    | 9876543212 |
| 104 | Pawan   | Nashik  | pawan@gmail.com   | 9876543213 |
+-----+---------+---------+-------------------+------------+
4 rows in set (0.00 sec)

mysql> create view v1 as cid, name, address from customer;
ERROR 1064 (42000): You have an error in your SQL syntax; check the manual that corresponds to your MySQL server version for the right syntax to use near 'cid, name, address from customer' at line 1
mysql> create view v1 as select cid, name, address from customer;
Query OK, 0 rows affected (0.01 sec)

mysql> select * from v1;
+-----+---------+---------+
| cid | name    | address |
+-----+---------+---------+
| 101 | Harshad | Pune    |
| 102 | Raj     | Mumbai  |
| 103 | Lord    | Beed    |
| 104 | Pawan   | Nashik  |
+-----+---------+---------+
4 rows in set (0.00 sec)

mysql> create view v2 as
    -> select name, pname, qty, pdate
    -> from customer, product, purchase
    -> where customer.cid = purchase.cid
    -> and product.pid = purchase.pid;
Query OK, 0 rows affected (0.01 sec)

mysql> select * from v2;
+---------+-------+------+------------+
| name    | pname | qty  | pdate      |
+---------+-------+------+------------+
| Harshad | rope  |    2 | 2025-08-01 |
| Raj     | chair |    5 | 2025-08-01 |
| Lord    | fan   |    3 | 2025-08-01 |
+---------+-------+------+------------+
3 rows in set (0.00 sec)
mysql> show index from product;
+---------+------------+----------+--------------+-------------+-----------+-------------+----------+--------+------+------------+---------+---------------+---------+------------+
| Table   | Non_unique | Key_name | Seq_in_index | Column_name | Collation | Cardinality | Sub_part | Packed | Null | Index_type | Comment | Index_comment | Visible | Expression |
+---------+------------+----------+--------------+-------------+-----------+-------------+----------+--------+------+------------+---------+---------------+---------+------------+
| product |          0 | PRIMARY  |            1 | pid         | A         |           3 |     NULL |   NULL |      | BTREE      |         |               | YES     | NULL       |
+---------+------------+----------+--------------+-------------+-----------+-------------+----------+--------+------+------------+---------+---------------+---------+------------+
1 row in set (0.01 sec)

mysql> show index from purchase;
+----------+------------+----------+--------------+-------------+-----------+-------------+----------+--------+------+------------+---------+---------------+---------+------------+
| Table    | Non_unique | Key_name | Seq_in_index | Column_name | Collation | Cardinality | Sub_part | Packed | Null | Index_type | Comment | Index_comment | Visible | Expression |
+----------+------------+----------+--------------+-------------+-----------+-------------+----------+--------+------+------------+---------+---------------+---------+------------+
| purchase |          0 | PRIMARY  |            1 | pid         | A         |           3 |     NULL |   NULL |      | BTREE      |         |               | YES     | NULL       |
| purchase |          1 | cid      |            1 | cid         | A         |           3 |     NULL |   NULL | YES  | BTREE      |         |               | YES     | NULL       |
+----------+------------+----------+--------------+-------------+-----------+-------------+----------+--------+------+------------+---------+---------------+---------+------------+
2 rows in set (0.01 sec)

mysql> create index xyz on product(pid);
Query OK, 0 rows affected (0.04 sec)
Records: 0  Duplicates: 0  Warnings: 0

mysql> show index from product;
+---------+------------+----------+--------------+-------------+-----------+-------------+----------+--------+------+------------+---------+---------------+---------+------------+
| Table   | Non_unique | Key_name | Seq_in_index | Column_name | Collation | Cardinality | Sub_part | Packed | Null | Index_type | Comment | Index_comment | Visible | Expression |
+---------+------------+----------+--------------+-------------+-----------+-------------+----------+--------+------+------------+---------+---------------+---------+------------+
| product |          0 | PRIMARY  |            1 | pid         | A         |           3 |     NULL |   NULL |      | BTREE      |         |               | YES     | NULL       |
| product |          1 | xyz      |            1 | pid         | A         |           3 |     NULL |   NULL |      | BTREE      |         |               | YES     | NULL       |
+---------+------------+----------+--------------+-------------+-----------+-------------+----------+--------+------+------------+---------+---------------+---------+------------+
2 rows in set (0.00 sec)

mysql> create unique index pqr or product(pname);
ERROR 1064 (42000): You have an error in your SQL syntax; check the manual that corresponds to your MySQL server version for the right syntax to use near 'or product(pname)' at line 1
mysql> create unique index pqr on product(pname);
Query OK, 0 rows affected (0.06 sec)
Records: 0  Duplicates: 0  Warnings: 0

mysql> show index from product;
+---------+------------+----------+--------------+-------------+-----------+-------------+----------+--------+------+------------+---------+---------------+---------+------------+
| Table   | Non_unique | Key_name | Seq_in_index | Column_name | Collation | Cardinality | Sub_part | Packed | Null | Index_type | Comment | Index_comment | Visible | Expression |
+---------+------------+----------+--------------+-------------+-----------+-------------+----------+--------+------+------------+---------+---------------+---------+------------+
| product |          0 | PRIMARY  |            1 | pid         | A         |           3 |     NULL |   NULL |      | BTREE      |         |               | YES     | NULL       |
| product |          0 | pqr      |            1 | pname       | A         |           3 |     NULL |   NULL | YES  | BTREE      |         |               | YES     | NULL       |
| product |          1 | xyz      |            1 | pid         | A         |           3 |     NULL |   NULL |      | BTREE      |         |               | YES     | NULL       |
+---------+------------+----------+--------------+-------------+-----------+-------------+----------+--------+------+------------+---------+---------------+---------+------------+
3 rows in set (0.00 sec)

mysql> create index pqr on customer(name, address);
Query OK, 0 rows affected (0.04 sec)
Records: 0  Duplicates: 0  Warnings: 0

mysql> show index from customer;
+----------+------------+----------+--------------+-------------+-----------+-------------+----------+--------+------+------------+---------+---------------+---------+------------+
| Table    | Non_unique | Key_name | Seq_in_index | Column_name | Collation | Cardinality | Sub_part | Packed | Null | Index_type | Comment | Index_comment | Visible | Expression |
+----------+------------+----------+--------------+-------------+-----------+-------------+----------+--------+------+------------+---------+---------------+---------+------------+
| customer |          0 | PRIMARY  |            1 | cid         | A         |           4 |     NULL |   NULL |      | BTREE      |         |               | YES     | NULL       |
| customer |          1 | pqr      |            1 | name        | A         |           4 |     NULL |   NULL | YES  | BTREE      |         |               | YES     | NULL       |
| customer |          1 | pqr      |            2 | address     | A         |           4 |     NULL |   NULL | YES  | BTREE      |         |               | YES     | NULL       |
+----------+------------+----------+--------------+-------------+-----------+-------------+----------+--------+------+------------+---------+---------------+---------+------------+
3 rows in set (0.01 sec)

mysql> alter table product drop index pqr;
Query OK, 0 rows affected (0.02 sec)
Records: 0  Duplicates: 0  Warnings: 0
